["A","B","C"]
{"name":"A","next":{"name":"B","next":null}}
[{"type":"V","v":4},{"type":"U","v":{"name":"A","next":null}},{"type":"R","arg":true},{"type":"Empty"}]
["A","B"]
[{"type":"A","v":3},{"type":"'B"}]
{"v":{"type":"D","v":{"name":"d","v":{"type":"Empty"}}}}
{"type":"T2","v":{"type":"A","v":4}}
{"type":"R2","v":{"type":"N","v":{"type":"S","v":{"type":"S2","v":{"type":"Z"}}}}}
[42,"quarante-deux",{"v":{"type":"Empty"}}]
{"type":"T","v":[36,{"type":"'B"}]}
